node.exe : FAIL features/auth/login/
__test__/login-form.test.tsx
At C:\Program 
Files\nodejs\npx.ps1:29 char:3
+   & $NODE_EXE $NPX_CLI_JS $args
+   ~~~~~~~~~~~~~~~~~~~~~~~~~~~~~
    + CategoryInfo          : NotSp 
   ecified: (FAIL features/a...n-f  
  orm.test.tsx:String) [], Remote   
 Exception
    + FullyQualifiedErrorId : Nativ 
   eCommandError
 
  ظù Test suite failed to run

    ReferenceError: WritableStream 
is not defined

    [0m [90m  8 |[39m 
[36mconst[39m server [33m=[39m 
setupServer(
     [90m  9 |[39m   http[33m.[3
9mpost([32m'/api/auth/login'[39m[
33m,[39m () [33m=>[39m {
    [31m[1m>[22m[39m[90m 10 
|[39m     [36mreturn[39m [33mHtt
pResponse[39m[33m.[39mjson({ 
success[33m:[39m [36mtrue[39m })
     [90m    |[39m              
[31m[1m^[22m[39m
     [90m 11 |[39m   })
     [90m 12 |[39m )
     [90m 13 |[39m[0m

      at Object.<anonymous> (node_mo
dules/msw/src/core/sse.ts:749:40)
      at Object.<anonymous> (node_mo
dules/msw/src/core/index.ts:27:8)
      at Object.<anonymous> (feature
s/auth/login/__test__/login-form.tes
t.tsx:10:14)

Test Suites: 1 failed, 1 total
Tests:       0 total
Snapshots:   0 total
Time:        1.228 s
Ran all test suites matching 
login-form.test.tsx.
